#,,,,,,,,"generated_by='OpenQuake engine 3.22.0-gitcb9ea472a1', start_date='2024-10-23T02:17:55', checksum=3613274803, investigation_time=1.0, risk_investigation_time=1.0"
asset_id,taxonomy,lon,lat,no_damage,ds1,ds2,ds3,ds4
a3,tax1,-122.57000,38.11300,1.997119E+00,2.230757E-03,6.013126E-04,-1.465999E-05,6.364954E-05
a2,tax2,-122.11400,38.11300,1.983778E+00,7.918378E-03,4.690836E-03,2.085903E-03,1.527233E-03
a5,tax1,-122.00000,37.91000,1.982249E+00,1.222533E-02,4.538105E-03,4.050934E-04,5.823863E-04
a4,tax3,-122.00000,38.00000,1.983845E+00,4.030895E-03,8.058288E-03,2.367978E-03,1.697588E-03
a1,tax1,-122.00000,38.11300,1.958612E+00,2.153068E-02,1.469936E-02,3.020946E-03,2.137419E-03
a6,tax2,-122.00000,38.22500,1.979770E+00,8.815601E-03,5.984129E-03,2.987915E-03,2.442166E-03
a7,tax1,-121.88600,38.11300,1.974288E+00,1.693619E-02,7.415859E-03,5.698069E-04,7.901687E-04
