#,,,,,,,,"generated_by='OpenQuake engine 3.22.0-git19f5a6ca59', start_date='2024-10-24T07:19:34', checksum=3613274803, investigation_time=1.0, risk_investigation_time=1.0"
asset_id,taxonomy,lon,lat,no_damage,ds1,ds2,ds3,ds4
a3,tax1,-122.57000,38.11300,1.998277E+00,1.549844E-03,1.528457E-04,-2.386025E-05,4.399191E-05
a2,tax2,-122.11400,38.11300,1.913240E+00,5.808223E-02,2.242405E-02,4.822217E-03,1.431441E-03
a5,tax1,-122.00000,37.91000,1.987239E+00,1.067420E-02,1.927327E-03,-1.351057E-04,2.949300E-04
a4,tax3,-122.00000,38.00000,1.986061E+00,4.291553E-03,8.078001E-03,9.860953E-04,5.836526E-04
a1,tax1,-122.00000,38.11300,1.694840E+00,2.327211E-01,6.624377E-02,-1.804525E-03,7.999762E-03
a6,tax2,-122.00000,38.22500,1.938684E+00,3.989267E-02,1.619500E-02,3.744711E-03,1.484001E-03
a7,tax1,-121.88600,38.11300,1.869864E+00,1.115310E-01,1.705103E-02,-1.693902E-03,3.247523E-03
