#,,,,,,,,"generated_by='OpenQuake engine 3.22.0-gitcb9ea472a1', start_date='2024-10-23T02:17:55', checksum=3613274803, investigation_time=1.0, risk_investigation_time=1.0"
asset_id,taxonomy,lon,lat,no_damage,ds1,ds2,ds3,ds4
a3,tax1,-122.57000,38.11300,1.996939E+00,2.352060E-03,6.670852E-04,-2.153659E-05,6.291781E-05
a2,tax2,-122.11400,38.11300,1.983020E+00,8.055299E-03,4.943287E-03,2.278153E-03,1.703246E-03
a5,tax1,-122.00000,37.91000,1.982178E+00,1.231667E-02,4.635426E-03,3.331209E-04,5.368069E-04
a4,tax3,-122.00000,38.00000,1.983452E+00,4.122619E-03,8.229471E-03,2.446385E-03,1.749563E-03
a1,tax1,-122.00000,38.11300,1.958092E+00,2.172025E-02,1.490609E-02,3.105924E-03,2.175614E-03
a6,tax2,-122.00000,38.22500,1.979096E+00,8.996506E-03,6.220484E-03,3.136117E-03,2.550803E-03
a7,tax1,-121.88600,38.11300,1.973589E+00,1.714874E-02,7.663382E-03,7.291377E-04,8.694966E-04
