#,,,,,,,,"generated_by='OpenQuake engine 3.22.0-gitcb9ea472a1', start_date='2024-10-23T02:17:55', checksum=3613274803, investigation_time=1.0, risk_investigation_time=1.0"
asset_id,taxonomy,lon,lat,no_damage,ds1,ds2,ds3,ds4
a3,tax1,-122.57000,38.11300,1.999184E+00,7.445792E-04,6.138617E-05,-1.176918E-05,2.164294E-05
a2,tax2,-122.11400,38.11300,1.940593E+00,3.883852E-02,1.568091E-02,3.583889E-03,1.303726E-03
a5,tax1,-122.00000,37.91000,1.986819E+00,1.010340E-02,2.863133E-03,-6.637553E-05,2.808261E-04
a4,tax3,-122.00000,38.00000,1.985408E+00,4.190961E-03,7.490140E-03,1.732990E-03,1.177599E-03
a1,tax1,-122.00000,38.11300,1.606531E+00,2.671197E-01,1.135538E-01,1.655002E-03,1.114040E-02
a6,tax2,-122.00000,38.22500,1.961794E+00,2.212925E-02,1.053399E-02,3.386045E-03,2.156991E-03
a7,tax1,-121.88600,38.11300,1.933583E+00,5.529822E-02,1.010585E-02,-6.216466E-04,1.634264E-03
