#,,,,,,,,"generated_by='OpenQuake engine 3.22.0-gitcb9ea472a1', start_date='2024-10-23T02:17:55', checksum=3613274803, investigation_time=1.0, risk_investigation_time=1.0"
asset_id,taxonomy,lon,lat,no_damage,ds1,ds2,ds3,ds4
a3,tax1,-122.57000,38.11300,1.996214E+00,3.034316E-03,6.927171E-04,-2.675036E-05,8.599757E-05
a2,tax2,-122.11400,38.11300,1.988183E+00,6.179728E-03,3.302769E-03,1.351375E-03,9.833903E-04
a5,tax1,-122.00000,37.91000,1.984782E+00,1.081161E-02,3.502139E-03,3.709266E-04,5.330054E-04
a4,tax3,-122.00000,38.00000,1.988891E+00,2.805475E-03,5.732820E-03,1.501942E-03,1.068395E-03
a1,tax1,-122.00000,38.11300,1.962833E+00,2.058786E-02,1.306398E-02,1.961525E-03,1.553869E-03
a6,tax2,-122.00000,38.22500,1.984314E+00,7.503678E-03,4.594965E-03,2.075249E-03,1.512110E-03
a7,tax1,-121.88600,38.11300,1.979648E+00,1.441766E-02,4.843344E-03,4.235312E-04,6.670861E-04
