#,,,,,,,,"generated_by='OpenQuake engine 3.22.0-git19f5a6ca59', start_date='2024-10-24T07:19:34', checksum=3613274803, investigation_time=1.0, risk_investigation_time=1.0"
asset_id,taxonomy,lon,lat,no_damage,ds1,ds2,ds3,ds4
a3,tax1,-122.57000,38.11300,1.999184E+00,7.445792E-04,6.138617E-05,-1.176918E-05,2.164294E-05
a2,tax2,-122.11400,38.11300,1.908974E+00,5.970851E-02,2.378787E-02,5.554654E-03,1.975148E-03
a5,tax1,-122.00000,37.91000,1.984704E+00,1.208781E-02,2.965095E-03,-1.009078E-04,3.443011E-04
a4,tax3,-122.00000,38.00000,1.981023E+00,5.511511E-03,1.039962E-02,1.852592E-03,1.212927E-03
a1,tax1,-122.00000,38.11300,1.691046E+00,2.333608E-01,6.775676E-02,-7.434336E-04,8.579633E-03
a6,tax2,-122.00000,38.22500,1.934222E+00,4.113979E-02,1.756785E-02,4.656169E-03,2.414047E-03
a7,tax1,-121.88600,38.11300,1.865016E+00,1.135724E-01,1.958884E-02,-1.547319E-03,3.370285E-03
