#,,,,,,,,"generated_by='OpenQuake engine 3.22.0-gitcb9ea472a1', start_date='2024-10-23T02:17:55', checksum=3613274803, investigation_time=1.0, risk_investigation_time=1.0"
asset_id,taxonomy,lon,lat,no_damage,ds1,ds2,ds3,ds4
a3,tax1,-122.57000,38.11300,1.998277E+00,1.549844E-03,1.528456E-04,-2.386025E-05,4.399191E-05
a2,tax2,-122.11400,38.11300,1.944924E+00,3.716147E-02,1.430538E-02,2.849912E-03,7.597793E-04
a5,tax1,-122.00000,37.91000,1.989360E+00,8.684242E-03,1.825052E-03,-1.005612E-04,2.314308E-04
a4,tax3,-122.00000,38.00000,1.990458E+00,2.965260E-03,5.162247E-03,8.662506E-04,5.482275E-04
a1,tax1,-122.00000,38.11300,1.610178E+00,2.665182E-01,1.121456E-01,5.965764E-04,1.056187E-02
a6,tax2,-122.00000,38.22500,1.966308E+00,2.084171E-02,9.150427E-03,2.473373E-03,1.226747E-03
a7,tax1,-121.88600,38.11300,1.938749E+00,5.296675E-02,7.540755E-03,-7.680986E-04,1.511287E-03
