#,,,,,,,,"generated_by='OpenQuake engine 3.22.0-gitcb9ea472a1', start_date='2024-10-23T02:17:55', checksum=3613274803, investigation_time=1.0, risk_investigation_time=1.0"
asset_id,taxonomy,lon,lat,no_damage,ds1,ds2,ds3,ds4
a3,tax1,-122.57000,38.11300,1.996034E+00,3.155441E-03,7.584836E-04,-3.362695E-05,8.526586E-05
a2,tax2,-122.11400,38.11300,1.987424E+00,6.317404E-03,3.555771E-03,1.543790E-03,1.159444E-03
a5,tax1,-122.00000,37.91000,1.984711E+00,1.090305E-02,3.599533E-03,2.989511E-04,4.874240E-04
a4,tax3,-122.00000,38.00000,1.988497E+00,2.897600E-03,5.904475E-03,1.580434E-03,1.120392E-03
a1,tax1,-122.00000,38.11300,1.962312E+00,2.077802E-02,1.327125E-02,2.046587E-03,1.592087E-03
a6,tax2,-122.00000,38.22500,1.983638E+00,7.685255E-03,4.831842E-03,2.223620E-03,1.620792E-03
a7,tax1,-121.88600,38.11300,1.978948E+00,1.463055E-02,5.091744E-03,5.828862E-04,7.464238E-04
