#,,,,,,,,"generated_by='OpenQuake engine 3.22.0-gitc0d41e82a2', start_date='2024-10-24T06:49:16', checksum=3613274803, kind='mean', investigation_time=1.0"
custom_site_id,lon,lat,0.000400~PGA,0.000400~SA(0.1),0.000400~SA(0.3),0.002000~PGA,0.002000~SA(0.1),0.002000~SA(0.3)
9qbbff70,-122.57000,38.11300,2.457591E-01,4.633047E-01,5.147259E-01,1.135907E-01,2.144465E-01,2.264723E-01
9qc0v4r2,-122.11400,38.11300,7.853142E-01,1.542629E+00,1.732317E+00,4.104638E-01,8.365870E-01,8.157060E-01
9q9pxv63,-122.00000,37.91000,7.705972E-01,1.524850E+00,1.717525E+00,3.653289E-01,7.286180E-01,7.343937E-01
9qc0pvdq,-122.00000,38.00000,1.079021E+00,2.333188E+00,2.299144E+00,6.378965E-01,1.366495E+00,1.214962E+00
9qc0zf62,-122.00000,38.11300,1.268719E+00,2.827839E+00,2.579660E+00,8.282449E-01,1.877673E+00,1.483424E+00
9qc1rydk,-122.00000,38.22500,8.639914E-01,1.907500E+00,1.738176E+00,5.210510E-01,1.134440E+00,9.669538E-01
9qc2f6m2,-121.88600,38.11300,8.980358E-01,1.771674E+00,2.017550E+00,4.425667E-01,8.919874E-01,8.923872E-01
