#,,,,,,,,"generated_by='OpenQuake engine 3.22.0-gitcb9ea472a1', start_date='2024-10-23T02:14:05', checksum=2451218011, investigation_time=1.0, risk_investigation_time=1.0"
asset_id,taxonomy,lon,lat,no_damage,slight,moderate,extreme,complete
a1,Wood,-122.00000,38.11300,9.735332E-01,5.609893E-03,7.101945E-03,4.977664E-03,8.777341E-03
