#,,,,,,,"generated_by='OpenQuake engine 3.22.0-git03f37349ed', start_date='2024-10-23T10:42:25', checksum=2138001544, investigation_time=None, risk_investigation_time=None"
loss_type,no_damage,slight,moderate,extreme,complete,losses_value,losses_ratio
structural,1.07656E+01,1.41803E+00,1.39786E+00,9.49061E-01,8.93820E+00,1.84217E+04,1.08299E-01
