#,,,,,,,,"generated_by='OpenQuake engine 3.22.0-gitcb9ea472a1', start_date='2024-10-23T02:14:08', checksum=1227256811, investigation_time=50.0, risk_investigation_time=75.0"
asset_id,taxonomy,lon,lat,no_damage,slight,moderate,extreme,complete
a1,Wood,-122.00000,38.11300,1.058665E-01,4.481699E-02,1.378438E-01,1.418367E-01,5.696360E-01
