#,,,,,,"generated_by='OpenQuake engine 3.22.0-git083e1be7c8', start_date='2024-10-22T16:36:43', checksum=3851440608"
asset_id,CRESTA,region,taxonomy,lon,lat,modal-ds
a1,?,?,RM,15.48000,38.09000,LS1
a3,?,?,RM,15.48000,38.25000,LS2
a2,01.1,Alhu√©,RC,15.56000,38.17000,no_damage
