#,,,,,,,,"generated_by='OpenQuake engine 3.22.0-git083e1be7c8', start_date='2024-10-22T16:53:43', checksum=3172484047"
asset_id,taxonomy,lon,lat,no_damage,Slight,Moderate,Extensive,Collapse
ant_13_S1,MUR/LWAL/HEX:1,-75.07679,6.90913,2.129000E+03,0.000000E+00,0.000000E+00,0.000000E+00,0.000000E+00
ant_13_S2,MUR/LWAL/HEX:2,-75.07679,6.90913,4.600000E+02,0.000000E+00,0.000000E+00,0.000000E+00,0.000000E+00
ant_13_S3,MUR/LWAL/HEX:3,-75.07679,6.90913,7.700000E+01,0.000000E+00,0.000000E+00,0.000000E+00,0.000000E+00
ant_13_S4,MUR/LWAL/HEX:4,-75.07679,6.90913,1.499520E+01,4.680523E-03,0.000000E+00,1.228020E-04,0.000000E+00
ant_13_S5,MUR/LWAL/HEX:5,-75.07679,6.90913,9.997174E-01,0.000000E+00,2.388531E-04,4.377132E-05,7.498766E-09
