#,,,"generated_by='OpenQuake engine 3.22.0-gitc0d41e82a2', start_date='2024-10-24T06:49:22', checksum=861356502, investigation_time=1.0, risk_investigation_time=1.0"
loss_type,policy,loss_value,loss_ratio
contents,p1,2.40429E+01,1.60286E-03
nonstructural,p1,2.85062E+01,6.33471E-04
structural,p1,1.13115E+01,3.77051E-04
structural+contents,p1,3.53545E+01,7.85654E-04
contents,p2,2.43847E+01,1.21924E-03
nonstructural,p2,3.56738E+01,5.94563E-04
structural,p2,1.20599E+01,3.01498E-04
structural+contents,p2,3.64446E+01,6.07411E-04
