#,,,,,,"generated_by='OpenQuake engine 3.22.0-git083e1be7c8', start_date='2024-10-22T16:52:35', checksum=2299180553"
asset_id,taxonomy,lon,lat,no_damage,moderate,complete
a0,A,0.00000,0.00000,8.364208E+00,4.050695E-01,1.230723E+00
a1,B,0.00000,1.00000,1.777686E+01,1.411885E+00,8.112526E-01
a2,A,0.00000,2.00000,2.748010E+01,1.300956E+00,1.218939E+00
