#,,,,,,"generated_by='OpenQuake engine 3.22.0-git083e1be7c8', start_date='2024-10-22T16:52:35', checksum=2299180553"
asset_id,taxonomy,lon,lat,no_damage,moderate,complete
a0,A,0.00000,0.00000,6.409502E-01,2.162399E+00,7.196651E+00
a1,B,0.00000,1.00000,8.722660E+00,6.244274E+00,5.033066E+00
a2,A,0.00000,2.00000,1.482586E+01,7.888979E+00,7.285164E+00
