#,,,,,,,"generated_by='OpenQuake engine 3.22.0-gitc0d41e82a2', start_date='2024-10-24T06:49:24', checksum=4002377415"
event_id,retention,claim,treaty_1,treaty_2,xlr1,overspill_treaty_2,year
0,4.41779E+02,1.54601E+03,4.22859E+00,4.00000E+02,7.00000E+02,2.11062E+02,18
1,7.86236E+02,2.64015E+03,1.44329E+02,4.00000E+02,1.30958E+03,3.71667E+02,155
2,9.62142E+02,2.89553E+03,2.25329E+02,4.00000E+02,1.30806E+03,3.93518E+02,131
3,8.67146E+02,2.36261E+03,1.37882E+02,4.00000E+02,9.57578E+02,3.41632E+02,88
