#,,,,,,,,"generated_by='OpenQuake engine 3.22.0-gitcb9ea472a1', start_date='2024-10-23T02:12:41', checksum=2346237292, investigation_time=50.0, risk_investigation_time=100.0"
asset_id,taxonomy,lon,lat,no_damage,slight,moderate,extreme,complete
a1,W,83.31382,29.46117,4.615197E-13,9.755043E-09,1.938715E-04,2.692314E-02,9.728830E-01
