#,,,,,,,,"generated_by='OpenQuake engine 3.22.0-gitcb9ea472a1', start_date='2024-10-23T02:12:42', checksum=3055788680, investigation_time=50.0, risk_investigation_time=100.0"
asset_id,taxonomy,lon,lat,no_damage,slight,moderate,extreme,complete
a1,W,83.31382,29.46117,8.675371E-01,2.197995E-02,3.322709E-02,2.684605E-02,5.040986E-02
