#,,,,,,,,"generated_by='OpenQuake engine 3.22.0-gitcb9ea472a1', start_date='2024-10-23T02:14:06', checksum=1448121310, investigation_time=1.0, risk_investigation_time=1.0"
asset_id,taxonomy,lon,lat,no_damage,slight,moderate,extreme,complete
a1,Wood,-122.00000,38.11300,9.848971E-01,1.023099E-03,2.435691E-03,2.696065E-03,8.948064E-03
