#,,,,,,,,,,,,"generated_by='OpenQuake engine 3.22.0-gitc0d41e82a2', start_date='2024-10-24T06:49:35', checksum=3776012644, investigation_time=1.0, risk_investigation_time=50.0"
asset_id,cresta,occupancy,state,taxonomy,lon,lat,business_interruption,contents,nonstructural,occupants,structural,structural+nonstructural+contents
a3,0.21,Com,02,tax1,-122.57000,38.11300,7.67120E+01,3.76428E+02,5.85435E+02,1.48868E-03,0.00000E+00,9.61863E+02
a2,0.12,Res,01,tax2,-122.11400,38.11300,2.32566E+02,1.62445E+03,2.40262E+03,4.12497E-03,5.41280E+02,4.48552E+03
a5,0.23,Res,02,tax1,-122.00000,37.91000,1.12312E+02,6.19734E+02,8.64625E+02,2.26114E-03,0.00000E+00,1.48436E+03
a4,0.22,Res,02,tax3,-122.00000,38.00000,2.09170E+02,6.76594E+02,1.33073E+03,4.88827E-03,8.66516E+02,2.77701E+03
a1,0.11,Res,01,tax1,-122.00000,38.11300,4.04435E+02,2.29436E+03,3.75991E+03,8.25444E-03,1.60152E+03,7.47391E+03
a6,0.31,Res,03,tax2,-122.00000,38.22500,2.60217E+02,6.27221E+03,7.97889E+03,5.36654E-03,5.72250E+02,1.35278E+04
a7,0.32,Res,03,tax1,-121.88600,38.11300,3.54723E+02,2.32002E+03,3.55447E+03,8.72357E-03,1.72522E+03,7.30465E+03
