#,,,,,,,,"generated_by='OpenQuake engine 3.22.0-git083e1be7c8', start_date='2024-10-22T16:53:43', checksum=45496700"
asset_id,taxonomy,lon,lat,no_damage,slight,moderate,extreme,complete
a1,Wood,-122.00000,38.11300,3.598933E-01,3.131250E-01,1.489449E-01,7.427035E-02,1.037664E-01
