#,,,,,,,,"generated_by='OpenQuake engine 3.22.0-gitcb9ea472a1', start_date='2024-10-23T02:14:09', checksum=1854794373, investigation_time=50.0, risk_investigation_time=100.0"
asset_id,taxonomy,lon,lat,no_damage,slight,moderate,extreme,complete
a3,Concrete,-122.57000,38.11300,8.320150E-01,9.314736E-02,5.784500E-02,1.356662E-02,3.426057E-03
a2,Wood,-122.11400,38.11300,1.525715E-01,1.019327E-01,1.998341E-01,1.913907E-01,3.542711E-01
a5,Steel,-122.00000,37.91000,6.495011E-01,2.043248E-01,8.885578E-02,3.863911E-02,1.867928E-02
a4,Concrete,-122.00000,38.00000,1.050730E-01,1.056406E-01,2.253927E-01,2.192431E-01,3.446506E-01
a1,Wood,-122.00000,38.11300,5.841037E-02,3.951735E-02,9.746688E-02,1.334665E-01,6.711389E-01
a7,Steel,-121.88600,38.11300,4.937833E-01,2.636878E-01,1.386327E-01,6.733879E-02,3.655741E-02
