#,,,,,,,,,,"generated_by='OpenQuake engine 3.22.0-git19f5a6ca59', start_date='2024-10-24T07:20:22', checksum=2491672072"
rlz_id,retention,claim,treaty_1,treaty_2,xlr1,CatXL1,CatXL2,overspill_treaty_1,overspill_treaty_2,overspill_CatXL2
0,1.67500E+01,8.89270E+01,5.86441E+00,1.67279E+01,1.79785E+01,1.20485E+01,1.95576E+01,3.95714E-01,6.28981E+00,6.25000E+00
1,4.25000E+00,2.91996E+01,2.25397E+00,4.89754E+00,7.96335E+00,4.68723E+00,5.14754E+00,0.00000E+00,1.25000E+00,1.25000E+00
