#,,,,,,,,"generated_by='OpenQuake engine 3.22.0-git083e1be7c8', start_date='2024-10-22T16:52:38', checksum=1543520744"
asset_id,taxonomy,lon,lat,no_damage,uninhabitable,collapsed,fatalities,homeless
NO DAMAGE,ND,-116.94505,32.51463,1.000000E+00,0.000000E+00,0.000000E+00,0.000000E+00,0.000000E+00
UNINHABITABLE,UH,-116.94505,32.51463,0.000000E+00,1.000000E+00,0.000000E+00,0.000000E+00,1.000000E+02
COLLAPSED,CP,-116.94505,32.51463,0.000000E+00,0.000000E+00,1.000000E+00,6.000000E+01,0.000000E+00
