#,,,,,,,,"generated_by='OpenQuake engine 3.22.0-gitcb9ea472a1', start_date='2024-10-23T02:14:07', checksum=3004003239, investigation_time=50.0, risk_investigation_time=1.0"
asset_id,taxonomy,lon,lat,no_damage,slight,moderate,extreme,complete
a1,Wood,-122.00000,38.11300,9.705028E-01,4.578634E-03,8.482290E-03,5.257597E-03,1.117870E-02
