#,,,,,,,,"generated_by='OpenQuake engine 3.22.0-gitcb9ea472a1', start_date='2024-10-23T02:12:41', checksum=2021864103, investigation_time=50.0, risk_investigation_time=100.0"
asset_id,taxonomy,lon,lat,no_damage,slight,moderate,extensive,complete
a1,W,83.31382,29.46117,5.834455E-01,1.166002E-01,1.639836E-01,6.452727E-02,7.144331E-02
