#,,,,,,"generated_by='OpenQuake engine 3.22.0-git083e1be7c8', start_date='2024-10-22T16:53:41', checksum=122140578"
asset_id,taxonomy,lon,lat,no_damage,LS1,LS2
a2,RC,15.56000,38.17000,9.912000E+02,7.359000E+02,2.729000E+02
