#,,,,,,"generated_by='OpenQuake engine 3.22.0-git083e1be7c8', start_date='2024-10-22T16:53:42', checksum=786821515"
asset_id,taxonomy,lon,lat,no_damage,LS1,LS2
a1,RM,81.29850,29.10980,2.933000E+03,6.700000E+01,0.000000E+00
a2,RC,83.08230,27.90060,2.494000E+02,3.096000E+02,4.410000E+02
a3,W,85.74770,27.90150,1.708000E+02,8.776000E+02,9.516000E+02
