#,,,,,,,,"generated_by='OpenQuake engine 3.22.0-gitcb9ea472a1', start_date='2024-10-23T02:14:08', checksum=3215881130, investigation_time=1.0, risk_investigation_time=1.0"
asset_id,taxonomy,lon,lat,no_damage,slight,moderate,extreme,complete
a1,Wood,-122.00000,38.11300,4.852514E+00,2.289317E-02,4.241145E-02,2.628799E-02,5.589351E-02
