#,,,,,,"generated_by='OpenQuake engine 3.22.0-git083e1be7c8', start_date='2024-10-22T16:53:40', checksum=1759997895"
asset_id,taxonomy,lon,lat,no_damage,LS1,LS2
a1,RM,15.48000,38.09000,1.252400E+03,1.160500E+03,5.871000E+02
a3,RM,15.48000,38.25000,1.274000E+02,3.635000E+02,5.091000E+02
a2,RC,15.56000,38.17000,6.723000E+02,9.649000E+02,3.628000E+02
