#,,,,,,,,"generated_by='OpenQuake engine 3.22.0-gitcb9ea472a1', start_date='2024-10-23T02:14:05', checksum=2787351543, investigation_time=1.0, risk_investigation_time=1.0"
asset_id,taxonomy,lon,lat,no_damage,slight,moderate,extreme,complete
a1,Wood,-122.00000,38.11300,9.719867E-01,3.889954E-03,6.113179E-03,4.996107E-03,1.301405E-02
