#,,,,"generated_by='OpenQuake engine 3.22.0-gitb70aefd70a', start_date='2024-10-23T06:00:44', checksum=4136792175"
asset_id,taxonomy,lon,lat,modal-ds
a2,Wood,-122.00000,38.00000,slight
a1,Wood,-122.00000,38.11300,slight
