#,,,,,,,,"generated_by='OpenQuake engine 3.22.0-git996d4e044a', start_date='2024-10-23T08:31:14', checksum=1335928015"
asset_id,taxonomy,lon,lat,no_damage,ds1,ds2,ds3,ds4
a1,tax1,-122.00000,38.11300,2.166667E-01,2.400000E-01,2.300000E-01,1.833333E-01,1.300000E-01
