#,,,,,,,,"generated_by='OpenQuake engine 3.22.0-gitcb9ea472a1', start_date='2024-10-23T02:14:07', checksum=2533487595, investigation_time=1.0, risk_investigation_time=1.0"
asset_id,taxonomy,lon,lat,no_damage,slight,moderate,extreme,complete
a1,Steel,-122.00000,38.11300,9.721903E-01,8.197780E-03,1.055095E-02,5.718032E-03,3.342958E-03
